\BOOKMARK [0][-]{Doc-Start}{\376\377\000A\000g\000r\000a\000d\000e\000c\000i\000m\000i\000e\000n\000t\000o\000s}{}% 1
\BOOKMARK [0][-]{Doc-Start}{\376\377\000D\000e\000d\000i\000c\000a\000t\000o\000r\000i\000a}{}% 2
\BOOKMARK [0][-]{Doc-Start}{\376\377\000R\000e\000s\000u\000m\000e\000n}{}% 3
\BOOKMARK [0][-]{Doc-Start}{\376\377\000A\000b\000s\000t\000r\000a\000c\000t}{}% 4
\BOOKMARK [0][-]{chapter.1}{\376\377\000N\000o\000t\000a\000s\000\040\000i\000n\000t\000r\000o\000d\000u\000c\000t\000o\000r\000i\000a\000s}{}% 5
\BOOKMARK [1][-]{section.1.1}{\376\377\000P\000r\000o\000b\000l\000e\000m\000a\000\040\000d\000e\000\040\000i\000n\000v\000e\000s\000t\000i\000g\000a\000c\000i\000\363\000n}{chapter.1}% 6
\BOOKMARK [1][-]{section.1.2}{\376\377\000P\000r\000e\000g\000u\000n\000t\000a\000\040\000d\000e\000\040\000i\000n\000v\000e\000s\000t\000i\000g\000a\000c\000i\000\363\000n}{chapter.1}% 7
\BOOKMARK [1][-]{section.1.3}{\376\377\000O\000b\000j\000e\000t\000i\000v\000o\000\040\000G\000e\000n\000e\000r\000a\000l}{chapter.1}% 8
\BOOKMARK [1][-]{section.1.4}{\376\377\000O\000b\000j\000e\000t\000i\000v\000o\000s\000\040\000E\000s\000p\000e\000c\000\355\000f\000i\000c\000o\000s}{chapter.1}% 9
\BOOKMARK [1][-]{section.1.5}{\376\377\000E\000s\000t\000a\000d\000o\000\040\000d\000e\000l\000\040\000a\000r\000t\000e}{chapter.1}% 10
\BOOKMARK [1][-]{section.1.6}{\376\377\000M\000a\000r\000c\000o\000\040\000T\000e\000\363\000r\000i\000c\000o}{chapter.1}% 11
\BOOKMARK [2][-]{subsection.1.6.1}{\376\377\000Q\000u\000e\000m\000a\000d\000u\000r\000a\000s\000\040\000d\000e\000\040\000f\000r\000i\000c\000c\000i\000\363\000n}{section.1.6}% 12
\BOOKMARK [2][-]{subsection.1.6.2}{\376\377\000A\000p\000\363\000s\000i\000t\000o\000s\000\040\000e\000n\000\040\000e\000l\000\040\000t\000r\000a\000t\000a\000m\000i\000e\000n\000t\000o\000\040\000d\000e\000\040\000q\000u\000e\000m\000a\000d\000u\000r\000a\000s}{section.1.6}% 13
\BOOKMARK [2][-]{subsection.1.6.3}{\376\377\000C\000o\000e\000f\000i\000c\000i\000e\000n\000t\000e\000\040\000d\000e\000\040\000P\000o\000i\000s\000s\000o\000n}{section.1.6}% 14
\BOOKMARK [2][-]{subsection.1.6.4}{\376\377\000G\000e\000o\000m\000e\000t\000r\000\355\000a\000\040\000a\000u\000x\000\351\000t\000i\000c\000a}{section.1.6}% 15
\BOOKMARK [2][-]{subsection.1.6.5}{\376\377\000A\000g\000a\000r\000o\000s\000a}{section.1.6}% 16
\BOOKMARK [2][-]{subsection.1.6.6}{\376\377\000\301\000c\000i\000d\000o\000\040\000h\000i\000a\000l\000u\000r\000\363\000n\000i\000c\000o}{section.1.6}% 17
\BOOKMARK [2][-]{subsection.1.6.7}{\376\377\000S\000u\000l\000f\000a\000d\000i\000a\000z\000i\000n\000a\000\040\000d\000e\000\040\000p\000l\000a\000t\000a}{section.1.6}% 18
\BOOKMARK [0][-]{chapter.2}{\376\377\000I\000d\000e\000n\000t\000i\000f\000i\000c\000a\000c\000i\000\363\000n\000\040\000d\000e\000\040\000l\000a\000s\000\040\000e\000s\000p\000e\000c\000i\000f\000i\000c\000a\000c\000i\000o\000n\000e\000s}{}% 19
\BOOKMARK [1][-]{section.2.1}{\376\377\000I\000n\000t\000r\000o\000d\000u\000c\000c\000i\000\363\000n}{chapter.2}% 20
\BOOKMARK [1][-]{section.2.2}{\376\377\000M\000e\000t\000o\000d\000o\000l\000o\000g\000\355\000a}{chapter.2}% 21
\BOOKMARK [2][-]{subsection.2.2.1}{\376\377\000R\000e\000c\000o\000p\000i\000l\000a\000r\000\040\000d\000a\000t\000o\000s\000\040\000s\000i\000n\000\040\000p\000r\000o\000c\000e\000s\000a\000r\000\040\000d\000e\000\040\000l\000o\000s\000\040\000c\000l\000i\000e\000n\000t\000e\000s}{section.2.2}% 22
\BOOKMARK [2][-]{subsection.2.2.2}{\376\377\000I\000n\000t\000e\000r\000p\000r\000e\000t\000a\000r\000\040\000l\000o\000s\000\040\000d\000a\000t\000o\000s\000\040\000e\000n\000\040\000t\000\351\000r\000m\000i\000n\000o\000s\000\040\000d\000e\000\040\000n\000e\000c\000e\000s\000i\000d\000a\000d\000e\000s}{section.2.2}% 23
\BOOKMARK [2][-]{subsection.2.2.3}{\376\377\000O\000r\000g\000a\000n\000i\000z\000a\000r\000\040\000l\000a\000s\000\040\000n\000e\000c\000e\000s\000i\000d\000a\000d\000e\000s\000\040\000e\000n\000\040\000u\000n\000a\000\040\000j\000e\000r\000a\000r\000q\000u\000\355\000a}{section.2.2}% 24
\BOOKMARK [2][-]{subsection.2.2.4}{\376\377\000E\000s\000t\000a\000b\000l\000e\000c\000e\000r\000\040\000l\000a\000\040\000i\000m\000p\000o\000r\000t\000a\000n\000c\000i\000a\000\040\000r\000e\000l\000a\000t\000i\000v\000a\000\040\000d\000e\000\040\000c\000a\000d\000a\000\040\000u\000n\000a}{section.2.2}% 25
\BOOKMARK [1][-]{section.2.3}{\376\377\000R\000e\000s\000u\000l\000t\000a\000d\000o\000s}{chapter.2}% 26
\BOOKMARK [2][-]{subsection.2.3.1}{\376\377\000R\000e\000c\000o\000p\000i\000l\000a\000r\000\040\000d\000a\000t\000o\000s\000\040\000s\000i\000n\000\040\000p\000r\000o\000c\000e\000s\000a\000r\000\040\000d\000e\000\040\000l\000o\000s\000\040\000c\000l\000i\000e\000n\000t\000e\000s}{section.2.3}% 27
\BOOKMARK [2][-]{subsection.2.3.2}{\376\377\000I\000n\000t\000e\000r\000p\000r\000e\000t\000a\000r\000\040\000l\000o\000s\000\040\000d\000a\000t\000o\000s\000\040\000e\000n\000\040\000t\000\351\000r\000m\000i\000n\000o\000s\000\040\000d\000e\000\040\000n\000e\000c\000e\000s\000i\000d\000a\000d\000e\000s}{section.2.3}% 28
\BOOKMARK [3][-]{subsubsection.2.3.2.1}{\376\377\000M\000a\000p\000a\000\040\000d\000e\000\040\000l\000a\000\040\000e\000m\000p\000a\000t\000\355\000a}{subsection.2.3.2}% 29
\BOOKMARK [2][-]{subsection.2.3.3}{\376\377\000O\000r\000g\000a\000n\000i\000z\000a\000r\000\040\000l\000a\000s\000\040\000n\000e\000c\000e\000s\000i\000d\000a\000d\000e\000s\000\040\000e\000n\000\040\000u\000n\000a\000\040\000j\000e\000r\000a\000r\000q\000u\000\355\000a}{section.2.3}% 30
\BOOKMARK [3][-]{subsubsection.2.3.3.1}{\376\377\000I\000d\000e\000n\000t\000i\000f\000i\000c\000a\000c\000i\000\363\000n\000\040\000d\000e\000\040\000l\000a\000s\000\040\000n\000e\000c\000e\000s\000i\000d\000a\000d\000e\000s\000\040\000d\000e\000l\000\040\000c\000l\000i\000e\000n\000t\000e}{subsection.2.3.3}% 31
\BOOKMARK [3][-]{subsubsection.2.3.3.2}{\376\377\000P\000o\000n\000d\000e\000r\000a\000c\000i\000\363\000n\000\040\000y\000\040\000J\000e\000r\000a\000r\000q\000u\000\355\000a\000\040\000d\000e\000\040\000l\000a\000s\000\040\000n\000e\000c\000e\000s\000i\000d\000a\000d\000e\000s\000\040\000d\000e\000l\000\040\000c\000l\000i\000e\000n\000t\000e}{subsection.2.3.3}% 32
\BOOKMARK [3][-]{subsubsection.2.3.3.3}{\376\377\000D\000e\000f\000i\000n\000i\000c\000i\000\363\000n\000\040\000d\000e\000\040\000m\000\351\000t\000r\000i\000c\000a\000s}{subsection.2.3.3}% 33
\BOOKMARK [3][-]{subsubsection.2.3.3.4}{\376\377\000C\000o\000m\000p\000a\000r\000a\000c\000i\000\363\000n\000\040\000c\000o\000n\000\040\000l\000a\000\040\000c\000o\000m\000p\000e\000t\000e\000n\000c\000i\000a}{subsection.2.3.3}% 34
\BOOKMARK [3][-]{subsubsection.2.3.3.5}{\376\377\000D\000e\000f\000i\000n\000i\000c\000i\000\363\000n\000\040\000d\000e\000\040\000v\000a\000l\000o\000r\000e\000s\000\040\000m\000a\000r\000g\000i\000n\000a\000l\000e\000s\000\040\000e\000\040\000i\000d\000e\000a\000l\000e\000s\000\040}{subsection.2.3.3}% 35
\BOOKMARK [1][-]{section.2.4}{\376\377\000D\000i\000s\000c\000u\000s\000i\000\363\000n}{chapter.2}% 36
\BOOKMARK [0][-]{chapter.3}{\376\377\000D\000e\000f\000i\000n\000i\000c\000i\000\363\000n\000\040\000d\000e\000l\000\040\000c\000o\000n\000c\000e\000p\000t\000o}{}% 37
\BOOKMARK [1][-]{section.3.1}{\376\377\000I\000n\000t\000r\000o\000d\000u\000c\000c\000i\000\363\000n}{chapter.3}% 38
\BOOKMARK [1][-]{section.3.2}{\376\377\000M\000e\000t\000o\000d\000o\000l\000o\000g\000\355\000a}{chapter.3}% 39
\BOOKMARK [2][-]{subsection.3.2.1}{\376\377\000A\000c\000l\000a\000r\000a\000r\000\040\000e\000l\000\040\000p\000r\000o\000b\000l\000e\000m\000a}{section.3.2}% 40
\BOOKMARK [2][-]{subsection.3.2.2}{\376\377\000B\000u\000s\000c\000a\000r\000\040\000e\000x\000t\000e\000r\000n\000a\000m\000e\000n\000t\000e}{section.3.2}% 41
\BOOKMARK [2][-]{subsection.3.2.3}{\376\377\000B\000u\000s\000c\000a\000r\000\040\000i\000n\000t\000e\000r\000n\000a\000m\000e\000n\000t\000e}{section.3.2}% 42
\BOOKMARK [2][-]{subsection.3.2.4}{\376\377\000E\000x\000p\000l\000o\000r\000a\000r\000\040\000s\000i\000s\000t\000e\000m\000\341\000t\000i\000c\000a\000m\000e\000n\000t\000e}{section.3.2}% 43
\BOOKMARK [2][-]{subsection.3.2.5}{\376\377\000R\000e\000f\000l\000e\000x\000i\000o\000n\000a\000r\000\040\000s\000o\000b\000r\000e\000\040\000l\000a\000s\000\040\000s\000o\000l\000u\000c\000i\000o\000n\000e\000s\000\040\000y\000\040\000e\000l\000\040\000p\000r\000o\000c\000e\000s\000o}{section.3.2}% 44
\BOOKMARK [2][-]{subsection.3.2.6}{\376\377\000F\000i\000l\000t\000r\000a\000d\000o\000\040\000d\000e\000\040\000l\000o\000s\000\040\000c\000o\000n\000c\000e\000p\000t\000o\000s}{section.3.2}% 45
\BOOKMARK [3][-]{subsubsection.3.2.6.1}{\376\377\000M\000a\000t\000r\000i\000z\000\040\000d\000e\000\040\000f\000i\000l\000t\000r\000a\000d\000o}{subsection.3.2.6}% 46
\BOOKMARK [3][-]{subsubsection.3.2.6.2}{\376\377\000M\000a\000t\000r\000i\000z\000\040\000d\000e\000\040\000e\000v\000a\000l\000u\000a\000c\000i\000\363\000n\000\040\000d\000e\000\040\000c\000o\000n\000c\000e\000p\000t\000o}{subsection.3.2.6}% 47
\BOOKMARK [2][-]{subsection.3.2.7}{\376\377\000R\000e\000c\000o\000m\000e\000n\000d\000a\000c\000i\000\363\000n\000\040\000d\000e\000l\000\040\000c\000o\000n\000c\000e\000p\000t\000o}{section.3.2}% 48
\BOOKMARK [1][-]{section.3.3}{\376\377\000R\000e\000s\000u\000l\000t\000a\000d\000o\000s}{chapter.3}% 49
\BOOKMARK [2][-]{subsection.3.3.1}{\376\377\000C\000o\000n\000c\000e\000p\000t\000o\000\040\000d\000e\000\040\000m\000a\000t\000e\000r\000i\000a\000l}{section.3.3}% 50
\BOOKMARK [3][-]{subsubsection.3.3.1.1}{\376\377\000H\000i\000d\000r\000o\000g\000e\000l\000\040\000g\000e\000l\000a\000t\000i\000n\000a\000-\000c\000o\000l\000\341\000g\000e\000n\000o}{subsection.3.3.1}% 51
\BOOKMARK [3][-]{subsubsection.3.3.1.2}{\376\377\000P\000i\000e\000l\000\040\000d\000e\000\040\000T\000i\000l\000a\000p\000i\000a}{subsection.3.3.1}% 52
\BOOKMARK [3][-]{subsubsection.3.3.1.3}{\376\377\000C\000o\000l\000\341\000g\000e\000n\000o}{subsection.3.3.1}% 53
\BOOKMARK [3][-]{subsubsection.3.3.1.4}{\376\377\000Q\000u\000i\000t\000o\000s\000a\000n\000o}{subsection.3.3.1}% 54
\BOOKMARK [3][-]{subsubsection.3.3.1.5}{\376\377\000A\000l\000g\000i\000n\000a\000t\000o}{subsection.3.3.1}% 55
\BOOKMARK [3][-]{subsubsection.3.3.1.6}{\376\377\000A\000g\000a\000r\000o\000s\000a}{subsection.3.3.1}% 56
\BOOKMARK [3][-]{subsubsection.3.3.1.7}{\376\377\000N\000a\000n\000o\000c\000o\000m\000p\000u\000e\000s\000t\000o\000s\000\040\000d\000e\000\040\000q\000u\000i\000t\000o\000s\000a\000n\000o\000\040\000y\000\040\000p\000l\000a\000t\000a}{subsection.3.3.1}% 57
\BOOKMARK [3][-]{subsubsection.3.3.1.8}{\376\377\000N\000a\000n\000o\000f\000i\000b\000r\000a\000s\000\040\000e\000l\000e\000c\000t\000r\000o\000h\000i\000l\000a\000d\000a\000s\000\040\000d\000e\000\040\000q\000u\000i\000t\000o\000s\000a\000n\000o\000-\000P\000V\000P}{subsection.3.3.1}% 58
\BOOKMARK [3][-]{subsubsection.3.3.1.9}{\376\377\000M\000e\000m\000b\000r\000a\000n\000a\000\040\000A\000m\000n\000i\000o\000t\000i\000c\000a}{subsection.3.3.1}% 59
\BOOKMARK [3][-]{subsubsection.3.3.1.10}{\376\377\000N\000a\000n\000o\000f\000i\000b\000r\000a\000s\000\040\000d\000e\000\040\000p\000o\000l\000i\000c\000a\000p\000r\000o\000l\000a\000c\000t\000o\000n\000a\000,\000\040\000g\000e\000l\000a\000t\000i\000n\000a\000,\000\040\000p\000o\000l\000i\000e\000s\000t\000i\000r\000e\000n\000o\000,\000\040\000c\000o\000l\000\341\000g\000e\000n\000o\000\040\000y\000\040\000q\000u\000i\000t\000o\000s\000a\000n\000o}{subsection.3.3.1}% 60
\BOOKMARK [2][-]{subsection.3.3.2}{\376\377\000C\000o\000n\000c\000e\000p\000t\000o\000\040\000d\000e\000\040\000a\000d\000i\000t\000i\000v\000o}{section.3.3}% 61
\BOOKMARK [3][-]{subsubsection.3.3.2.1}{\376\377\000G\000e\000n\000t\000a\000m\000i\000c\000i\000n\000a}{subsection.3.3.2}% 62
\BOOKMARK [3][-]{subsubsection.3.3.2.2}{\376\377\000M\000i\000n\000o\000c\000i\000c\000l\000i\000n\000a}{subsection.3.3.2}% 63
\BOOKMARK [3][-]{subsubsection.3.3.2.3}{\376\377\000V\000a\000n\000c\000o\000m\000i\000c\000i\000n\000a}{subsection.3.3.2}% 64
\BOOKMARK [3][-]{subsubsection.3.3.2.4}{\376\377\000S\000u\000l\000f\000a\000d\000i\000a\000z\000i\000n\000a\000\040\000d\000e\000\040\000p\000l\000a\000t\000a}{subsection.3.3.2}% 65
\BOOKMARK [3][-]{subsubsection.3.3.2.5}{\376\377\000C\000o\000l\000a\000g\000e\000n\000a\000s\000a}{subsection.3.3.2}% 66
\BOOKMARK [3][-]{subsubsection.3.3.2.6}{\376\377\000F\000i\000t\000o\000s\000t\000i\000m\000o\000l\000i\000n\000e}{subsection.3.3.2}% 67
\BOOKMARK [3][-]{subsubsection.3.3.2.7}{\376\377\000\301\000c\000i\000d\000o\000\040\000h\000i\000a\000l\000u\000r\000\363\000n\000i\000c\000o}{subsection.3.3.2}% 68
\BOOKMARK [3][-]{subsubsection.3.3.2.8}{\376\377\000A\000l\000o\000e\000\040\000v\000e\000r\000a}{subsection.3.3.2}% 69
\BOOKMARK [3][-]{subsubsection.3.3.2.9}{\376\377\000C\000a\000l\000\351\000n\000d\000u\000l\000a}{subsection.3.3.2}% 70
\BOOKMARK [2][-]{subsection.3.3.3}{\376\377\000C\000o\000n\000c\000e\000p\000t\000o\000\040\000d\000e\000\040\000g\000e\000o\000m\000e\000t\000r\000\355\000a}{section.3.3}% 71
\BOOKMARK [3][-]{subsubsection.3.3.3.1}{\376\377\000G\000e\000o\000m\000e\000t\000r\000\355\000a\000\040\000t\000r\000a\000d\000i\000c\000i\000o\000n\000a\000l\000\040\000d\000e\000\040\000p\000r\000i\000m\000e\000r\000\040\000o\000r\000d\000e\000n\000\040}{subsection.3.3.3}% 72
\BOOKMARK [3][-]{subsubsection.3.3.3.2}{\376\377\000G\000e\000o\000m\000e\000t\000r\000\355\000a\000\040\000t\000r\000a\000d\000i\000c\000i\000o\000n\000a\000l\000\040\000d\000e\000\040\000s\000e\000g\000u\000n\000d\000o\000\040\000o\000r\000d\000e\000n}{subsection.3.3.3}% 73
\BOOKMARK [3][-]{subsubsection.3.3.3.3}{\376\377\000G\000e\000o\000m\000e\000t\000r\000\355\000a\000\040\000t\000r\000a\000d\000i\000c\000i\000o\000n\000a\000l\000\040\000d\000e\000\040\000t\000e\000r\000c\000e\000r\000\040\000o\000r\000d\000e\000n\000\040}{subsection.3.3.3}% 74
\BOOKMARK [3][-]{subsubsection.3.3.3.4}{\376\377\000G\000e\000o\000m\000e\000t\000r\000\355\000a\000\040\000a\000u\000x\000\351\000t\000i\000c\000a\000\040\000t\000i\000p\000o\000\040\040\034\000Y\040\035}{subsection.3.3.3}% 75
\BOOKMARK [3][-]{subsubsection.3.3.3.5}{\376\377\000G\000e\000o\000m\000e\000t\000r\000\355\000a\000\040\000a\000u\000x\000\351\000t\000i\000c\000a\000\040\000t\000i\000p\000o\000\040\040\034\000I\040\035}{subsection.3.3.3}% 76
\BOOKMARK [3][-]{subsubsection.3.3.3.6}{\376\377\000G\000e\000o\000m\000e\000t\000r\000\355\000a\000\040\000a\000u\000x\000\351\000t\000i\000c\000a\000\040\000t\000i\000p\000o\000\040\000p\000a\000n\000a\000l\000\040\000d\000e\000\040\000a\000b\000e\000j\000a\000s}{subsection.3.3.3}% 77
\BOOKMARK [3][-]{subsubsection.3.3.3.7}{\376\377\000G\000e\000o\000m\000e\000t\000r\000\355\000a\000\040\000a\000u\000x\000\351\000t\000i\000c\000a\000\040\000t\000i\000p\000o\000\040\040\034\000H\040\035}{subsection.3.3.3}% 78
\BOOKMARK [3][-]{subsubsection.3.3.3.8}{\376\377\000G\000e\000o\000m\000e\000t\000r\000\355\000a\000\040\000a\000u\000x\000\351\000t\000i\000c\000a\000\040\000t\000i\000p\000o\000\040\040\034\000R\000R\040\035\000\040}{subsection.3.3.3}% 79
\BOOKMARK [3][-]{subsubsection.3.3.3.9}{\376\377\000G\000e\000o\000m\000e\000t\000r\000\355\000a\000\040\000a\000u\000x\000\351\000t\000i\000c\000a\000\040\000t\000i\000p\000o\000\040\040\034\000A\000S\040\035\000\040}{subsection.3.3.3}% 80
\BOOKMARK [2][-]{subsection.3.3.4}{\376\377\000M\000a\000t\000r\000i\000z\000\040\000d\000e\000\040\000f\000i\000l\000t\000r\000a\000d\000o}{section.3.3}% 81
\BOOKMARK [3][-]{subsubsection.3.3.4.1}{\376\377\000M\000a\000t\000r\000i\000z\000\040\000d\000e\000\040\000f\000i\000l\000t\000r\000a\000d\000o\000\040\000d\000e\000l\000\040\000m\000a\000t\000e\000r\000i\000a\000l}{subsection.3.3.4}% 82
\BOOKMARK [3][-]{subsubsection.3.3.4.2}{\376\377\000M\000a\000t\000r\000i\000z\000\040\000d\000e\000\040\000f\000i\000l\000t\000r\000a\000d\000o\000\040\000d\000e\000l\000\040\000a\000d\000i\000t\000i\000v\000o}{subsection.3.3.4}% 83
\BOOKMARK [3][-]{subsubsection.3.3.4.3}{\376\377\000M\000a\000t\000r\000i\000z\000\040\000d\000e\000\040\000f\000i\000l\000t\000r\000a\000d\000o\000\040\000d\000e\000\040\000l\000a\000\040\000g\000e\000o\000m\000e\000t\000r\000\355\000a}{subsection.3.3.4}% 84
\BOOKMARK [3][-]{subsubsection.3.3.4.4}{\376\377\000M\000a\000t\000r\000i\000z\000\040\000d\000e\000\040\000e\000v\000a\000l\000u\000a\000c\000i\000\363\000n\000\040\000d\000e\000\040\000c\000o\000n\000c\000e\000p\000t\000o}{subsection.3.3.4}% 85
\BOOKMARK [1][-]{section.3.4}{\376\377\000S\000e\000l\000e\000c\000c\000i\000\363\000n\000\040\000d\000e\000l\000\040\000C\000o\000n\000c\000e\000p\000t\000o}{chapter.3}% 86
\BOOKMARK [2][-]{subsubsection.3.4.0.1}{\376\377\000C\000o\000n\000c\000e\000p\000t\000o\000\040\000d\000e\000\040\000a\000d\000i\000t\000i\000v\000o}{section.3.4}% 87
\BOOKMARK [3][-]{subsubsection.3.4.0.2}{\376\377\000C\000o\000n\000c\000e\000p\000t\000o\000\040\000d\000e\000\040\000g\000e\000o\000m\000e\000t\000r\000\355\000a}{subsubsection.3.4.0.1}% 88
\BOOKMARK [1][-]{section.3.5}{\376\377\000D\000i\000s\000c\000u\000s\000i\000\363\000n}{chapter.3}% 89
\BOOKMARK [0][-]{chapter.4}{\376\377\000T\000i\000t\000u\000l\000o\000\040\000C\000a\000p\000i\000t\000u\000l\000o\000\040\0004}{}% 90
\BOOKMARK [1][-]{section.4.1}{\376\377\000C\000o\000n\000t\000e\000x\000t\000o}{chapter.4}% 91
\BOOKMARK [0][-]{chapter.5}{\376\377\000T\000i\000t\000u\000l\000o\000\040\000C\000a\000p\000i\000t\000u\000l\000o\000\040\0005}{}% 92
\BOOKMARK [1][-]{section.5.1}{\376\377\000C\000o\000n\000t\000e\000x\000t\000o}{chapter.5}% 93
\BOOKMARK [0][-]{section.5.1}{\376\377\000C\000o\000n\000c\000l\000u\000s\000i\000o\000n\000e\000s}{}% 94
\BOOKMARK [0][-]{section.5.1}{\376\377\000R\000e\000c\000o\000m\000e\000n\000d\000a\000c\000i\000o\000n\000e\000s}{}% 95
\BOOKMARK [0][-]{chapter*.19}{\376\377\000R\000e\000f\000e\000r\000e\000n\000c\000i\000a\000s}{}% 96
